stm32wlxx_ll_rcc.h:1258:22:LL_RCC_LSE_SetDriveCapability	16	static
stm32wlxx_ll_bus.h:449:22:LL_AHB2_GRP1_EnableClock	24	static
main.c:27:10:DWT_Delay_Init	4	static,ignoring_inline_asm
main.c:58:22:delay	24	static
main.c:69:6:Set_Pin_Output	40	static
main.c:78:6:Set_Pin_Input	40	static
main.c:88:6:DHT11_Start	8	static
main.c:103:9:DHT11_Check_Response	16	static
main.c:121:9:DHT11_Read	16	static
main.c:141:6:DHT11_GetData	24	static
main.c:172:5:main	24	static
main.c:206:13:MX_GPIO_Init	32	static
main.c:241:13:MX_TIM2_Init	40	static
main.c:272:6:SystemClock_Config	112	static
main.c:312:6:Error_Handler	4	static
